---
source: src/lib.rs
expression: "test_parse::<UniqueIdents>(\"hello\\nworld\\nhello\", Behaviour::Bare)"
---
  Ã— duplicate ident found

