---
source: src/lib.rs
expression: "render(Error::from(syn::Error::new(Span::call_site(),\n            \"the whole thing is fucked\")))"
---
  Ã— the whole thing is fucked

